lug 08 00:48:38 cachyos-x8664 kernel: wlan0: deauthenticating from d6:35:1d:b8:29:1a by local choice (Reason: 3=DEAUTH_LEAVING)
lug 08 00:48:38 cachyos-x8664 kernel: PM: suspend entry (s2idle)
lug 08 00:48:38 cachyos-x8664 kernel: Filesystems sync: 0.010 seconds
lug 08 00:48:48 cachyos-x8664 kernel: Freezing user space processes
lug 08 00:48:48 cachyos-x8664 kernel: Freezing user space processes completed (elapsed 0.001 seconds)
lug 08 00:48:48 cachyos-x8664 kernel: OOM killer disabled.
lug 08 00:48:48 cachyos-x8664 kernel: Freezing remaining freezable tasks
lug 08 00:48:48 cachyos-x8664 kernel: Freezing remaining freezable tasks completed (elapsed 0.001 seconds)
lug 08 00:48:48 cachyos-x8664 kernel: printk: Suspending console(s) (use no_console_suspend to debug)
lug 08 00:48:48 cachyos-x8664 kernel: ACPI: EC: interrupt blocked
lug 08 00:48:48 cachyos-x8664 kernel: ACPI BIOS Error (bug): Could not resolve symbol [\_SB.ACDC.RTAC], AE_NOT_FOUND (20251212/psargs-332)
lug 08 00:48:48 cachyos-x8664 kernel: ACPI Error: Aborting method \_SB.PEP._DSM due to previous error (AE_NOT_FOUND) (20251212/psparse-531)
lug 08 00:48:48 cachyos-x8664 kernel: ACPI: EC: interrupt unblocked
lug 08 00:48:48 cachyos-x8664 kernel: amdgpu 0000:65:00.0: [drm] PCIE GART of 512M enabled (table at 0x000000801FB00000).
lug 08 00:48:48 cachyos-x8664 kernel: amdgpu 0000:65:00.0: SMU is resuming...
lug 08 00:48:48 cachyos-x8664 kernel: amdgpu 0000:65:00.0: SMU is resumed successfully!
lug 08 00:48:48 cachyos-x8664 kernel: nvme nvme0: 8/0/0 default/read/poll queues
lug 08 00:48:48 cachyos-x8664 kernel: nvme nvme0: Ignoring bogus Namespace Identifiers
lug 08 00:48:48 cachyos-x8664 kernel: amdgpu 0000:65:00.0: ring gfx_0.0.0 uses VM inv eng 0 on hub 0
lug 08 00:48:48 cachyos-x8664 kernel: amdgpu 0000:65:00.0: ring comp_1.0.0 uses VM inv eng 1 on hub 0
lug 08 00:48:48 cachyos-x8664 kernel: amdgpu 0000:65:00.0: ring comp_1.1.0 uses VM inv eng 4 on hub 0
lug 08 00:48:48 cachyos-x8664 kernel: amdgpu 0000:65:00.0: ring comp_1.2.0 uses VM inv eng 6 on hub 0
lug 08 00:48:48 cachyos-x8664 kernel: amdgpu 0000:65:00.0: ring comp_1.3.0 uses VM inv eng 7 on hub 0
lug 08 00:48:48 cachyos-x8664 kernel: amdgpu 0000:65:00.0: ring comp_1.0.1 uses VM inv eng 8 on hub 0
lug 08 00:48:48 cachyos-x8664 kernel: amdgpu 0000:65:00.0: ring comp_1.1.1 uses VM inv eng 9 on hub 0
lug 08 00:48:48 cachyos-x8664 kernel: amdgpu 0000:65:00.0: ring comp_1.2.1 uses VM inv eng 10 on hub 0
lug 08 00:48:48 cachyos-x8664 kernel: amdgpu 0000:65:00.0: ring comp_1.3.1 uses VM inv eng 11 on hub 0
lug 08 00:48:48 cachyos-x8664 kernel: amdgpu 0000:65:00.0: ring sdma0 uses VM inv eng 12 on hub 0
lug 08 00:48:48 cachyos-x8664 kernel: amdgpu 0000:65:00.0: ring vcn_unified_0 uses VM inv eng 0 on hub 8
lug 08 00:48:48 cachyos-x8664 kernel: amdgpu 0000:65:00.0: ring jpeg_dec_0 uses VM inv eng 1 on hub 8
lug 08 00:48:48 cachyos-x8664 kernel: amdgpu 0000:65:00.0: ring mes_kiq_3.1.0 uses VM inv eng 13 on hub 0
lug 08 00:48:48 cachyos-x8664 kernel: amdgpu 0000:65:00.0: ring vpe uses VM inv eng 4 on hub 8
lug 08 00:48:48 cachyos-x8664 kernel: OOM killer enabled.
lug 08 00:48:48 cachyos-x8664 kernel: Restarting tasks: Starting
lug 08 00:48:48 cachyos-x8664 kernel: Restarting tasks: Done
lug 08 00:48:48 cachyos-x8664 kernel: efivarfs: resyncing variable state
lug 08 00:48:48 cachyos-x8664 kernel: efivarfs: finished resyncing variable state
lug 08 00:48:48 cachyos-x8664 kernel: random: crng reseeded on system resumption
lug 08 00:48:48 cachyos-x8664 kernel: PM: suspend exit
lug 08 00:48:48 cachyos-x8664 kernel: dwmac-motorcomm 0000:64:00.0 eno1: Register MEM_TYPE_PAGE_POOL RxQ-0
lug 08 00:48:48 cachyos-x8664 kernel: dwmac-motorcomm 0000:64:00.0 eno1: PHY [stmmac-6400:00] driver [YT8531S Gigabit Ethernet] (irq=POLL)
lug 08 00:48:48 cachyos-x8664 kernel: dwmac4: Master AXI performs any burst length
lug 08 00:48:48 cachyos-x8664 kernel: dwmac-motorcomm 0000:64:00.0 eno1: Enabling Safety Features
lug 08 00:48:48 cachyos-x8664 kernel: dwmac-motorcomm 0000:64:00.0 eno1: PTP not supported by HW
lug 08 00:48:48 cachyos-x8664 kernel: dwmac-motorcomm 0000:64:00.0 eno1: configuring for phy/gmii link mode
lug 08 00:48:49 cachyos-x8664 kernel: atkbd serio0: keyboard reset failed on isa0060/serio0
lug 08 00:48:49 cachyos-x8664 kernel: atkbd serio0: Failed to deactivate keyboard on isa0060/serio0
lug 08 00:48:50 cachyos-x8664 kernel: atkbd serio0: Failed to enable keyboard on isa0060/serio0
lug 08 00:48:51 cachyos-x8664 kernel: PM: suspend entry (s2idle)
lug 08 00:48:51 cachyos-x8664 kernel: Filesystems sync: 0.006 seconds
lug 08 00:48:52 cachyos-x8664 kernel: Freezing user space processes
lug 08 00:48:52 cachyos-x8664 kernel: Freezing user space processes completed (elapsed 0.014 seconds)
lug 08 00:48:52 cachyos-x8664 kernel: OOM killer disabled.
lug 08 00:48:52 cachyos-x8664 kernel: Freezing remaining freezable tasks
lug 08 00:48:52 cachyos-x8664 kernel: Freezing remaining freezable tasks completed (elapsed 0.000 seconds)
lug 08 00:48:52 cachyos-x8664 kernel: printk: Suspending console(s) (use no_console_suspend to debug)
lug 08 00:48:52 cachyos-x8664 kernel: ACPI: EC: interrupt blocked
lug 08 00:48:52 cachyos-x8664 kernel: amd_pmc AMDI000A:00: Last suspend didn't reach deepest state
lug 08 00:48:52 cachyos-x8664 kernel: ACPI BIOS Error (bug): Could not resolve symbol [\_SB.ACDC.RTAC], AE_NOT_FOUND (20251212/psargs-332)
lug 08 00:48:52 cachyos-x8664 kernel: ACPI Error: Aborting method \_SB.PEP._DSM due to previous error (AE_NOT_FOUND) (20251212/psparse-531)
lug 08 00:48:52 cachyos-x8664 kernel: ACPI: EC: interrupt unblocked
lug 08 00:48:52 cachyos-x8664 kernel: amdgpu 0000:65:00.0: [drm] PCIE GART of 512M enabled (table at 0x000000801FB00000).
lug 08 00:48:52 cachyos-x8664 kernel: amdgpu 0000:65:00.0: SMU is resuming...
lug 08 00:48:52 cachyos-x8664 kernel: amdgpu 0000:65:00.0: SMU is resumed successfully!
lug 08 00:48:52 cachyos-x8664 kernel: nvme nvme0: 8/0/0 default/read/poll queues
lug 08 00:48:52 cachyos-x8664 kernel: nvme nvme0: Ignoring bogus Namespace Identifiers
lug 08 00:48:52 cachyos-x8664 kernel: amdgpu 0000:65:00.0: ring gfx_0.0.0 uses VM inv eng 0 on hub 0
lug 08 00:48:52 cachyos-x8664 kernel: amdgpu 0000:65:00.0: ring comp_1.0.0 uses VM inv eng 1 on hub 0
lug 08 00:48:52 cachyos-x8664 kernel: amdgpu 0000:65:00.0: ring comp_1.1.0 uses VM inv eng 4 on hub 0
lug 08 00:48:52 cachyos-x8664 kernel: amdgpu 0000:65:00.0: ring comp_1.2.0 uses VM inv eng 6 on hub 0
lug 08 00:48:52 cachyos-x8664 kernel: amdgpu 0000:65:00.0: ring comp_1.3.0 uses VM inv eng 7 on hub 0
lug 08 00:48:52 cachyos-x8664 kernel: amdgpu 0000:65:00.0: ring comp_1.0.1 uses VM inv eng 8 on hub 0
lug 08 00:48:52 cachyos-x8664 kernel: amdgpu 0000:65:00.0: ring comp_1.1.1 uses VM inv eng 9 on hub 0
lug 08 00:48:52 cachyos-x8664 kernel: amdgpu 0000:65:00.0: ring comp_1.2.1 uses VM inv eng 10 on hub 0
lug 08 00:48:52 cachyos-x8664 kernel: amdgpu 0000:65:00.0: ring comp_1.3.1 uses VM inv eng 11 on hub 0
lug 08 00:48:52 cachyos-x8664 kernel: amdgpu 0000:65:00.0: ring sdma0 uses VM inv eng 12 on hub 0
lug 08 00:48:52 cachyos-x8664 kernel: amdgpu 0000:65:00.0: ring vcn_unified_0 uses VM inv eng 0 on hub 8
lug 08 00:48:52 cachyos-x8664 kernel: amdgpu 0000:65:00.0: ring jpeg_dec_0 uses VM inv eng 1 on hub 8
lug 08 00:48:52 cachyos-x8664 kernel: amdgpu 0000:65:00.0: ring mes_kiq_3.1.0 uses VM inv eng 13 on hub 0
lug 08 00:48:52 cachyos-x8664 kernel: amdgpu 0000:65:00.0: ring vpe uses VM inv eng 4 on hub 8
lug 08 00:48:52 cachyos-x8664 kernel: OOM killer enabled.
lug 08 00:48:52 cachyos-x8664 kernel: Restarting tasks: Starting
lug 08 00:48:52 cachyos-x8664 kernel: Restarting tasks: Done
lug 08 00:48:52 cachyos-x8664 kernel: efivarfs: resyncing variable state
lug 08 00:48:52 cachyos-x8664 kernel: efivarfs: finished resyncing variable state
lug 08 00:48:52 cachyos-x8664 kernel: random: crng reseeded on system resumption
lug 08 00:48:52 cachyos-x8664 kernel: PM: suspend exit
lug 08 00:48:52 cachyos-x8664 kernel: dwmac-motorcomm 0000:64:00.0 eno1: Register MEM_TYPE_PAGE_POOL RxQ-0
lug 08 00:48:52 cachyos-x8664 kernel: dwmac-motorcomm 0000:64:00.0 eno1: PHY [stmmac-6400:00] driver [YT8531S Gigabit Ethernet] (irq=POLL)
lug 08 00:48:52 cachyos-x8664 kernel: dwmac4: Master AXI performs any burst length
lug 08 00:48:52 cachyos-x8664 kernel: dwmac-motorcomm 0000:64:00.0 eno1: Enabling Safety Features
lug 08 00:48:52 cachyos-x8664 kernel: dwmac-motorcomm 0000:64:00.0 eno1: PTP not supported by HW
lug 08 00:48:52 cachyos-x8664 kernel: dwmac-motorcomm 0000:64:00.0 eno1: configuring for phy/gmii link mode
lug 08 00:48:53 cachyos-x8664 kernel: ucsi_acpi USBC000:00: failed to re-enable notifications (-110)
lug 08 00:48:55 cachyos-x8664 kernel: wlan0: authenticate with d6:35:1d:b8:29:1a (local address=f0:68:e3:5b:49:60)
lug 08 00:48:55 cachyos-x8664 kernel: wlan0: send auth to d6:35:1d:b8:29:1a (try 1/3)
lug 08 00:48:55 cachyos-x8664 kernel: wlan0: authenticated
lug 08 00:48:55 cachyos-x8664 kernel: wlan0: associate with d6:35:1d:b8:29:1a (try 1/3)
lug 08 00:48:55 cachyos-x8664 kernel: wlan0: RX AssocResp from d6:35:1d:b8:29:1a (capab=0x1011 status=0 aid=11)
lug 08 00:48:55 cachyos-x8664 kernel: wlan0: associated
lug 08 00:48:55 cachyos-x8664 kernel: wlan0: Limiting TX power to 23 (23 - 0) dBm as advertised by d6:35:1d:b8:29:1a
lug 08 00:48:55 cachyos-x8664 kernel: [UFW BLOCK] IN=wlan0 OUT= MAC= SRC=192.168.1.10 DST=224.0.0.252 LEN=59 TOS=0x00 PREC=0x00 TTL=255 ID=52203 PROTO=UDP SPT=5355 DPT=5355 LEN=39 
lug 08 00:48:55 cachyos-x8664 kernel: [UFW BLOCK] IN=wlan0 OUT= MAC= SRC=192.168.1.10 DST=224.0.0.252 LEN=59 TOS=0x00 PREC=0x00 TTL=255 ID=52255 PROTO=UDP SPT=5355 DPT=5355 LEN=39 
lug 08 00:48:56 cachyos-x8664 kernel: [UFW BLOCK] IN=wlan0 OUT= MAC= SRC=192.168.1.10 DST=224.0.0.252 LEN=59 TOS=0x00 PREC=0x00 TTL=255 ID=52308 PROTO=UDP SPT=5355 DPT=5355 LEN=39 
lug 08 00:48:56 cachyos-x8664 kernel: [UFW BLOCK] IN=wlan0 OUT= MAC= SRC=fe80:0000:0000:0000:1cf8:ce53:19e1:e392 DST=ff02:0000:0000:0000:0000:0000:0001:0003 LEN=79 TC=0 HOPLIMIT=255 FLOWLBL=951148 PROTO=UDP SPT=5355 DPT=5355 LEN=39 
lug 08 00:48:56 cachyos-x8664 kernel: [UFW BLOCK] IN=wlan0 OUT= MAC= SRC=fe80:0000:0000:0000:1cf8:ce53:19e1:e392 DST=ff02:0000:0000:0000:0000:0000:0001:0003 LEN=79 TC=0 HOPLIMIT=255 FLOWLBL=951148 PROTO=UDP SPT=5355 DPT=5355 LEN=39 
lug 08 00:48:57 cachyos-x8664 kernel: [UFW BLOCK] IN=wlan0 OUT= MAC= SRC=fe80:0000:0000:0000:1cf8:ce53:19e1:e392 DST=ff02:0000:0000:0000:0000:0000:0001:0003 LEN=79 TC=0 HOPLIMIT=255 FLOWLBL=951148 PROTO=UDP SPT=5355 DPT=5355 LEN=39 
~